\BOOKMARK [1][-]{section.1}{\376\377\000I\000n\000t\000r\000o\000d\000u\000c\000t\000i\000o\000n}{}% 1
\BOOKMARK [1][-]{section.2}{\376\377\000R\000e\000l\000a\000t\000e\000d\000\040\000W\000o\000r\000k}{}% 2
\BOOKMARK [1][-]{section.3}{\376\377\000M\000e\000t\000h\000o\000d}{}% 3
\BOOKMARK [2][-]{subsection.3.1}{\376\377\000P\000r\000o\000b\000l\000e\000m\000\040\000S\000e\000t\000t\000i\000n\000g}{section.3}% 4
\BOOKMARK [2][-]{subsection.3.2}{\376\377\000C\000o\000n\000c\000e\000p\000t\000u\000a\000l\000\040\000F\000r\000a\000m\000e\000w\000o\000r\000k}{section.3}% 5
\BOOKMARK [2][-]{subsection.3.3}{\376\377\000A\000g\000e\000n\000t\000i\000c\000\040\000N\000a\000v\000i\000g\000a\000t\000i\000o\000n}{section.3}% 6
\BOOKMARK [2][-]{subsection.3.4}{\376\377\000M\000u\000l\000t\000i\000-\000A\000g\000e\000n\000t\000\040\000E\000v\000o\000l\000u\000t\000i\000o\000n}{section.3}% 7
\BOOKMARK [2][-]{subsection.3.5}{\376\377\000H\000u\000m\000a\000n\000-\000i\000n\000-\000t\000h\000e\000-\000L\000o\000o\000p\000\040\000I\000n\000t\000e\000g\000r\000a\000t\000i\000o\000n}{section.3}% 8
\BOOKMARK [1][-]{section.4}{\376\377\000E\000x\000p\000e\000r\000i\000m\000e\000n\000t\000s}{}% 9
\BOOKMARK [2][-]{subsection.4.1}{\376\377\000E\000x\000p\000e\000r\000i\000m\000e\000n\000t\000a\000l\000\040\000S\000e\000t\000u\000p}{section.4}% 10
\BOOKMARK [2][-]{subsection.4.2}{\376\377\000M\000a\000i\000n\000\040\000R\000e\000s\000u\000l\000t\000s}{section.4}% 11
\BOOKMARK [2][-]{subsection.4.3}{\376\377\000A\000r\000c\000h\000i\000t\000e\000c\000t\000u\000r\000a\000l\000\040\000A\000b\000l\000a\000t\000i\000o\000n\000\040\000o\000f\000\040\000t\000h\000e\000\040\000M\000u\000l\000t\000i\000-\000A\000g\000e\000n\000t\000\040\000E\000v\000o\000l\000v\000e\000r}{section.4}% 12
\BOOKMARK [2][-]{subsection.4.4}{\376\377\000M\000e\000a\000s\000u\000r\000i\000n\000g\000\040\000t\000h\000e\000\040\000N\000a\000v\000i\000g\000a\000t\000i\000o\000n\000\040\000L\000o\000s\000s}{section.4}% 13
\BOOKMARK [2][-]{subsection.4.5}{\376\377\000H\000u\000m\000a\000n\000-\000i\000n\000-\000t\000h\000e\000-\000L\000o\000o\000p\000\040\000o\000n\000\040\000N\000o\000v\000e\000l\000\040\000T\000a\000s\000k\000\040\000R\000e\000g\000i\000m\000e\000s}{section.4}% 14
\BOOKMARK [1][-]{section.5}{\376\377\000C\000o\000n\000c\000l\000u\000s\000i\000o\000n\000s}{}% 15
\BOOKMARK [1][-]{appendix.A}{\376\377\000F\000u\000l\000l\000\040\000p\000r\000o\000m\000p\000t\000s}{}% 16
\BOOKMARK [2][-]{subsection.A.1}{\376\377\000F\000\137\000N\000a\000v\000i\000g\000a\000t\000e\000\040\000s\000y\000s\000t\000e\000m\000\040\000p\000r\000o\000m\000p\000t}{appendix.A}% 17
\BOOKMARK [2][-]{subsection.A.2}{\376\377\000A\000n\000a\000l\000y\000s\000t\000,\000\040\000R\000e\000s\000e\000a\000r\000c\000h\000e\000r\000,\000\040\000B\000u\000i\000l\000d\000e\000r\000,\000\040\000V\000e\000r\000i\000f\000i\000e\000r\000\040\000s\000y\000s\000t\000e\000m\000\040\000p\000r\000o\000m\000p\000t\000s}{appendix.A}% 18
\BOOKMARK [2][-]{subsection.A.3}{\376\377\000H\000I\000T\000L\000\040\000t\000r\000i\000g\000g\000e\000r\000\040\000p\000r\000o\000m\000p\000t\000s}{appendix.A}% 19
\BOOKMARK [1][-]{appendix.B}{\376\377\000A\000l\000g\000o\000r\000i\000t\000h\000m\000\040\000l\000i\000s\000t\000i\000n\000g\000s}{}% 20
\BOOKMARK [2][-]{subsection.B.1}{\376\377\000A\000l\000g\000o\000r\000i\000t\000h\000m\000\040\0001\000:\000\040\000N\000a\000v\000i\000g\000a\000t\000i\000o\000n\000-\000a\000w\000a\000r\000e\000\040\000e\000v\000o\000l\000u\000t\000i\000o\000n\000\040\000l\000o\000o\000p}{appendix.B}% 21
\BOOKMARK [2][-]{subsection.B.2}{\376\377\000A\000l\000g\000o\000r\000i\000t\000h\000m\000\040\0002\000:\000\040\000M\000u\000l\000t\000i\000-\000a\000g\000e\000n\000t\000\040\0004\000-\000p\000h\000a\000s\000e\000\040\000c\000y\000c\000l\000e}{appendix.B}% 22
\BOOKMARK [1][-]{appendix.C}{\376\377\000B\000e\000n\000c\000h\000m\000a\000r\000k\000\040\000d\000e\000t\000a\000i\000l\000s}{}% 23
\BOOKMARK [2][-]{subsection.C.1}{\376\377\000P\000o\000l\000y\000B\000e\000n\000c\000h}{appendix.C}% 24
\BOOKMARK [2][-]{subsection.C.2}{\376\377\000C\000T\000F\000-\000D\000o\000j\000o}{appendix.C}% 25
\BOOKMARK [2][-]{subsection.C.3}{\376\377\000F\000u\000t\000u\000r\000e\000X}{appendix.C}% 26
\BOOKMARK [1][-]{appendix.D}{\376\377\000A\000d\000d\000i\000t\000i\000o\000n\000a\000l\000\040\000t\000a\000b\000l\000e\000s\000\040\000a\000n\000d\000\040\000f\000i\000g\000u\000r\000e\000s}{}% 27
\BOOKMARK [2][-]{subsection.D.1}{\376\377\000P\000e\000r\000-\000b\000a\000t\000c\000h\000\040\000a\000c\000c\000u\000r\000a\000c\000y\000\040\000c\000u\000r\000v\000e\000s\000\040\000\050\000a\000l\000l\000\040\000t\000h\000r\000e\000e\000\040\000b\000e\000n\000c\000h\000m\000a\000r\000k\000s\000\051}{appendix.D}% 28
\BOOKMARK [2][-]{subsection.D.2}{\376\377\000P\000e\000r\000-\000r\000e\000g\000i\000m\000e\000\040\000s\000l\000i\000c\000e\000\040\000a\000c\000c\000u\000r\000a\000c\000y}{appendix.D}% 29
\BOOKMARK [2][-]{subsection.D.3}{\376\377\000A\000r\000t\000i\000f\000a\000c\000t\000-\000t\000y\000p\000e\000\040\000d\000i\000s\000t\000r\000i\000b\000u\000t\000i\000o\000n\000\040\000a\000c\000r\000o\000s\000s\000\040\000a\000b\000l\000a\000t\000i\000o\000n\000s\000\040\000\050\000a\000l\000l\000\040\000b\000e\000n\000c\000h\000m\000a\000r\000k\000s\000\051}{appendix.D}% 30
\BOOKMARK [2][-]{subsection.D.4}{\376\377\000S\000h\000u\000f\000f\000l\000e\000d\000-\000o\000r\000d\000e\000r\000\040\000c\000o\000n\000t\000r\000o\000l}{appendix.D}% 31
\BOOKMARK [2][-]{subsection.D.5}{\376\377\000P\000e\000r\000-\000b\000r\000a\000n\000c\000h\000\040\000r\000o\000u\000t\000i\000n\000g\000\040\000s\000t\000a\000t\000i\000s\000t\000i\000c\000s}{appendix.D}% 32
\BOOKMARK [2][-]{subsection.D.6}{\376\377\000H\000a\000r\000n\000e\000s\000s\000\040\000s\000i\000z\000e\000\040\000t\000r\000a\000j\000e\000c\000t\000o\000r\000y}{appendix.D}% 33
\BOOKMARK [1][-]{appendix.E}{\376\377\000C\000a\000s\000e\000\040\000s\000t\000u\000d\000i\000e\000s}{}% 34
\BOOKMARK [2][-]{subsection.E.1}{\376\377\000A\000\040\000n\000a\000v\000i\000g\000a\000t\000i\000o\000n\000\040\000s\000u\000c\000c\000e\000s\000s}{appendix.E}% 35
\BOOKMARK [2][-]{subsection.E.2}{\376\377\000A\000\040\000c\000o\000n\000s\000t\000r\000u\000c\000t\000i\000o\000n\000\040\000s\000u\000c\000c\000e\000s\000s\000\040\000\050\000C\0002\000\051}{appendix.E}% 36
\BOOKMARK [2][-]{subsection.E.3}{\376\377\000A\000\040\000H\000I\000T\000L\000\040\000s\000u\000c\000c\000e\000s\000s\000\040\000\050\000C\0003\000\051}{appendix.E}% 37
\BOOKMARK [2][-]{subsection.E.4}{\376\377\000A\000\040\000f\000a\000i\000l\000u\000r\000e\000\040\000c\000a\000s\000e}{appendix.E}% 38
\BOOKMARK [1][-]{appendix.F}{\376\377\000L\000i\000m\000i\000t\000a\000t\000i\000o\000n\000s}{}% 39
\BOOKMARK [1][-]{appendix.G}{\376\377\000E\000t\000h\000i\000c\000s\000\040\000s\000t\000a\000t\000e\000m\000e\000n\000t}{}% 40
\BOOKMARK [1][-]{appendix.H}{\376\377\000R\000e\000p\000r\000o\000d\000u\000c\000i\000b\000i\000l\000i\000t\000y\000\040\000s\000t\000a\000t\000e\000m\000e\000n\000t}{}% 41
